
> @vision-gate/admin-app@0.0.0 build
> vite build

vite v5.4.21 building for production...
transforming...
✓ 4 modules transformed.
x Build failed in 925ms
error during build:
[commonjs--resolver] Missing "./components/ui/toaster" specifier in "@vision-gate/ui" package
    at e (file:///Users/aakanksha/My_Codes/vision-gate-secure/node_modules/vite/dist/node/chunks/dep-BK3b2jBa.js:46042:25)
    at n (file:///Users/aakanksha/My_Codes/vision-gate-secure/node_modules/vite/dist/node/chunks/dep-BK3b2jBa.js:46042:627)
    at o (file:///Users/aakanksha/My_Codes/vision-gate-secure/node_modules/vite/dist/node/chunks/dep-BK3b2jBa.js:46042:1297)
    at resolveExportsOrImports (file:///Users/aakanksha/My_Codes/vision-gate-secure/node_modules/vite/dist/node/chunks/dep-BK3b2jBa.js:46663:18)
    at resolveDeepImport (file:///Users/aakanksha/My_Codes/vision-gate-secure/node_modules/vite/dist/node/chunks/dep-BK3b2jBa.js:46686:25)
    at tryNodeResolve (file:///Users/aakanksha/My_Codes/vision-gate-secure/node_modules/vite/dist/node/chunks/dep-BK3b2jBa.js:46451:16)
    at Object.resolveId (file:///Users/aakanksha/My_Codes/vision-gate-secure/node_modules/vite/dist/node/chunks/dep-BK3b2jBa.js:46201:19)
    at file:///Users/aakanksha/My_Codes/vision-gate-secure/node_modules/rollup/dist/es/shared/node-entry.js:22522:40
    at async PluginDriver.hookFirstAndGetPlugin (file:///Users/aakanksha/My_Codes/vision-gate-secure/node_modules/rollup/dist/es/shared/node-entry.js:22404:28)
    at async resolveId (file:///Users/aakanksha/My_Codes/vision-gate-secure/node_modules/rollup/dist/es/shared/node-entry.js:20880:26)
npm error Lifecycle script `build` failed with error:
npm error code 1
npm error path /Users/aakanksha/My_Codes/vision-gate-secure/apps/admin-app
npm error workspace @vision-gate/admin-app@0.0.0
npm error location /Users/aakanksha/My_Codes/vision-gate-secure/apps/admin-app
npm error command failed
npm error command sh -c vite build
